// Jest Snapshot v1, https://goo.gl/fbAQLP

exports[`renders correctly 1`] = `
<div
  className="profile-flex"
>
  <div>
    <h3>
      My Rockets
    </h3>
    <div>
      <table
        className="styled-table"
      >
        <tbody />
      </table>
    </div>
  </div>
  <div>
    <h3>
      My Missions
    </h3>
    <div>
      <table
        className="styled-table"
      >
        <tbody />
      </table>
    </div>
  </div>
</div>
`;
